2026-10-09 06:34:05,608 [INFO] 📁 دایرکتوری خروجی: Download/telegram_downloads/bbcpersian
2026-10-09 06:34:05,608 [INFO] 🐞 حالت دیباگ: فعال
2026-10-09 06:34:05,608 [INFO] 📌 Resume: غیرفعال
2026-10-09 06:34:05,608 [INFO] 🧭 جهت اسکرول: up
2026-10-09 06:34:05,608 [INFO] 🐞 debug screenshots: Download/telegram_downloads/bbcpersian/debug_screenshots
2026-10-09 06:34:05,608 [INFO] 🐞 حالت دیباگ – بدون دانلود رسانه
2026-10-09 06:34:05,608 [INFO] 🧭 جهت اسکرول: بالا (قدیمی‌تر/قبلی‌ها)
2026-10-09 06:34:05,608 [INFO] 🚀 دیباگ @bbcpersian (limit=50)
2026-10-09 06:34:05,608 [INFO] 🔄 تا 50 پست (هر دور از آخرین مرز → قبلی/بعدی)
2026-10-09 06:34:05,608 [INFO] 📌 دور 1/15 | جمع‌شده 0/50
2026-10-09 06:34:05,608 [INFO] 🐞 استخراج جهت=up start_link=False
2026-10-09 06:34:16,888 [INFO] 🔍 نوار جستجو پیدا شد.
2026-10-09 06:34:16,945 [INFO] ✅ مودال با دکمه 'OK' بسته شد
2026-10-09 06:34:19,584 [INFO] 🔍 در حال جستجوی: @bbcpersian
2026-10-09 06:34:20,964 [INFO] ⏳ منتظر نتایج...
2026-10-09 06:34:20,965 [INFO] 🕐 مرحله اول انتظار (10 ثانیه)...
2026-10-09 06:34:29,949 [INFO]    ✅ عبارت 'bbcpersian' در مرحله اول یافت شد.
2026-10-09 06:34:29,949 [INFO] ✅ نتایج جستجو ظاهر شدند.
2026-10-09 06:34:36,208 [INFO] ✅ کانال با موفقیت باز شد (سلکتور div.search-result).
2026-10-09 06:34:36,209 [INFO] ⬇️ تلاش برای پرش به جدیدترین پست‌ها...
2026-10-09 06:34:48,275 [INFO]    ℹ️ دکمه پرش پیدا نشد — تلاش با End و اسکرول JS...
2026-10-09 06:34:51,228 [INFO]    ✅ اسکرول JS به انتهای لیست
2026-10-09 06:34:56,501 [INFO] ⚠️ ارتفاع صفحه پس از 3 اسکرول تغییر نکرد.
2026-10-09 06:34:56,502 [INFO] 📌 به بالای صفحه رسیدیم. اسکرول متوقف می‌شود.
2026-10-09 06:34:56,502 [INFO] 📊 31 پست جمع‌آوری شد.
2026-10-09 06:34:56,502 [INFO] ⏭️ اسکرین‌شات‌ها غیرفعال هستند.
2026-10-09 06:34:56,558 [INFO] 📥 31 پست | start_link= | scroll=up
2026-10-09 06:34:56,691 [INFO] 📈 +31 | مجموع 31/50
2026-10-09 06:34:56,693 [INFO] 📌 بالای صفحه – دور بعد
2026-10-09 06:34:58,894 [INFO] 📌 دور 2/15 | جمع‌شده 31/50
2026-10-09 06:34:58,894 [INFO] 🔄 دور 2: از oldest=292972 با scroll=up
2026-10-09 06:34:58,894 [INFO] 🐞 استخراج جهت=up start_link=True
2026-10-09 06:34:58,894 [INFO] ♻️ استفاده مجدد از context و page موجود
2026-10-09 06:35:01,267 [INFO] 🔗 تلاش برای رفتن به لینک: https://t.me/bbcpersian/292972
2026-10-09 06:35:01,267 [INFO] 🎯 شناسه پیام هدف: 292972
2026-10-09 06:35:01,276 [INFO] 🔍 نوار جستجو پیدا شد.
2026-10-09 06:35:04,880 [INFO] 🔍 لینک تایپ شد: https://t.me/bbcpersian/292972
2026-10-09 06:35:04,886 [INFO] ⏳ منتظر نتایج جستجو...
2026-10-09 06:35:21,884 [INFO] ✅ روی اولین نتیجه با سلکتور 'div[class*="message"] a' کلیک شد.
2026-10-09 06:35:22,509 [INFO] ✅ صفحه پیام‌ها با موفقیت بارگذاری شد.
2026-10-09 06:35:22,509 [INFO] ℹ️ در حالت start_link، پرش به پایین انجام نمی‌شود.
2026-10-09 06:35:22,509 [INFO] 🎯 پیدا کردن پیام هدف 292972...
2026-10-09 06:35:26,342 [INFO] ✅ پیام هدف به بالای صفحه منتقل شد.
2026-10-09 06:35:26,343 [INFO] 🎯 شروع جمع‌آوری از پیام هدف 292972
2026-10-09 06:35:26,343 [INFO] ⬆️ بارگذاری پست‌های قدیمی‌تر با اسکرول به بالا...
2026-10-09 06:35:32,771 [INFO] 📊 19 پست جمع‌آوری شد.
2026-10-09 06:35:32,771 [INFO] ⏭️ اسکرین‌شات‌ها غیرفعال هستند.
2026-10-09 06:35:32,815 [INFO] 📥 19 پست | start_link=https://t.me/bbcpersian/292972 | scroll=up
2026-10-09 06:35:32,872 [INFO] 📈 +19 | مجموع 50/50
2026-10-09 06:35:32,872 [INFO] 📥 50 پست در 2 دور
2026-10-09 06:35:32,873 [INFO] 🚀 شروع تولید فایل‌های خروجی...
2026-10-09 06:35:32,873 [INFO] 📊 پست‌های این اجرا: 50
2026-10-09 06:35:32,873 [INFO] 🪟 keep_latest=50
2026-10-09 06:35:32,873 [INFO] ℹ️ آرشیو قبلی خالی — فقط پست‌های این اجرا
2026-10-09 06:35:32,873 [INFO] 🪟 پنجره هدف=50 (effective=50): 50 پست؛ run_new=50
2026-10-09 06:35:32,874 [INFO] 📄 JSON: bbcpersian_posts.json (50 پست)
2026-10-09 06:35:32,875 [INFO] 📄 CSV: bbcpersian_posts.csv
2026-10-09 06:35:32,924 [INFO] 🌐 HTML: bbcpersian_posts.html (50 پست)
2026-10-09 06:35:32,939 [INFO] 📦 ZIP: bbcpersian_archive.zip
2026-10-09 06:35:32,939 [INFO] ✅ خروجی‌ها آماده شد.
2026-10-09 06:35:32,939 [INFO] 📊 تعداد نهایی در آرشیو: 50
2026-10-09 06:35:33,421 [INFO] ✅ پایان دیباگ
2026-10-09 07:33:40,752 [INFO] 📁 دایرکتوری خروجی: Download/telegram_downloads/bbcpersian
2026-10-09 07:33:40,752 [INFO] 🐞 حالت دیباگ: فعال
2026-10-09 07:33:40,752 [INFO] 📌 Resume: غیرفعال
2026-10-09 07:33:40,752 [INFO] 🛑 مرز توقف (stop_before_id): 293003 — پست‌های قدیمی‌تر/مساوی جمع نمی‌شوند
2026-10-09 07:33:40,753 [INFO] 🧭 جهت اسکرول: up
2026-10-09 07:33:40,753 [INFO] 🐞 debug screenshots: Download/telegram_downloads/bbcpersian/debug_screenshots
2026-10-09 07:33:40,753 [INFO] 🐞 حالت دیباگ – بدون دانلود رسانه
2026-10-09 07:33:40,753 [INFO] 🧭 جهت اسکرول: بالا (قدیمی‌تر/قبلی‌ها)
2026-10-09 07:33:40,753 [INFO] 🚀 دیباگ @bbcpersian (limit=1000)
2026-10-09 07:33:40,753 [INFO] 🔄 تا 1000 پست (هر دور از آخرین مرز → قبلی/بعدی)
2026-10-09 07:33:40,753 [INFO] 📌 دور 1/8 | جمع‌شده 0/1000
2026-10-09 07:33:40,753 [INFO] 🐞 استخراج جهت=up start_link=False
2026-10-09 07:33:48,729 [INFO] ✅ مودال با دکمه 'OK' بسته شد
2026-10-09 07:33:49,938 [INFO] 🔍 نوار جستجو پیدا شد.
2026-10-09 07:33:52,095 [INFO] 🔍 در حال جستجوی: @bbcpersian
2026-10-09 07:33:53,426 [INFO] ⏳ منتظر نتایج...
2026-10-09 07:33:53,426 [INFO] 🕐 مرحله اول انتظار (10 ثانیه)...
2026-10-09 07:34:02,244 [INFO]    ✅ عبارت 'bbcpersian' در مرحله اول یافت شد.
2026-10-09 07:34:02,244 [INFO] ✅ نتایج جستجو ظاهر شدند.
2026-10-09 07:34:08,544 [INFO] ✅ کانال با موفقیت باز شد (سلکتور div.search-result).
2026-10-09 07:34:08,544 [INFO] ⬇️ تلاش برای پرش به جدیدترین پست‌ها...
2026-10-09 07:34:08,581 [INFO]    ✅ دکمه پرش کلیک شد (button[title="Go to bottom"])
2026-10-09 07:34:15,702 [INFO] ⚠️ ارتفاع صفحه پس از 3 اسکرول تغییر نکرد.
2026-10-09 07:34:15,703 [INFO] 📌 به بالای صفحه رسیدیم. اسکرول متوقف می‌شود.
2026-10-09 07:34:15,703 [INFO] 📊 4 پست جمع‌آوری شد.
2026-10-09 07:34:15,703 [INFO] ⏭️ اسکرین‌شات‌ها غیرفعال هستند.
2026-10-09 07:34:15,724 [INFO] 📥 4 پست | start_link= | scroll=up
2026-10-09 07:34:15,731 [INFO] 📈 +3 | مجموع 3/1000
2026-10-09 07:34:15,732 [INFO] 📌 بالای صفحه – دور بعد
2026-10-09 07:34:17,857 [INFO] 📌 دور 2/8 | جمع‌شده 3/1000
2026-10-09 07:34:17,857 [INFO] 🔄 دور 2: از oldest=293004 با scroll=up
2026-10-09 07:34:17,857 [INFO] 🐞 استخراج جهت=up start_link=True
2026-10-09 07:34:17,857 [INFO] ♻️ استفاده مجدد از context و page موجود
2026-10-09 07:34:20,494 [INFO] 🔗 تلاش برای رفتن به لینک: https://t.me/bbcpersian/293004
2026-10-09 07:34:20,495 [INFO] 🎯 شناسه پیام هدف: 293004
2026-10-09 07:34:20,500 [INFO] 🔍 نوار جستجو پیدا شد.
2026-10-09 07:34:26,591 [INFO] 🔍 لینک تایپ شد: https://t.me/bbcpersian/293004
2026-10-09 07:34:26,594 [INFO] ⏳ منتظر نتایج جستجو...
2026-10-09 07:34:42,616 [INFO] ✅ روی اولین نتیجه با سلکتور 'div[class*="message"] a' کلیک شد.
2026-10-09 07:34:42,786 [INFO] ✅ صفحه پیام‌ها با موفقیت بارگذاری شد.
2026-10-09 07:34:42,786 [INFO] ℹ️ در حالت start_link، پرش به پایین انجام نمی‌شود.
2026-10-09 07:34:42,786 [INFO] 🎯 پیدا کردن پیام هدف 293004...
2026-10-09 07:34:47,788 [INFO] ✅ پیام هدف به بالای صفحه منتقل شد.
2026-10-09 07:34:47,789 [INFO] 🎯 شروع جمع‌آوری از پیام هدف 293004
2026-10-09 07:34:47,789 [INFO] ⬆️ بارگذاری پست‌های قدیمی‌تر با اسکرول به بالا...
2026-10-09 07:34:56,230 [INFO] ⚠️ ارتفاع صفحه پس از 3 اسکرول تغییر نکرد.
2026-10-09 07:34:56,231 [INFO] 📌 به بالای صفحه رسیدیم. اسکرول متوقف می‌شود.
2026-10-09 07:34:56,231 [INFO] 📊 0 پست جمع‌آوری شد.
2026-10-09 07:34:56,231 [INFO] ⏭️ اسکرین‌شات‌ها غیرفعال هستند.
2026-10-09 07:34:56,231 [WARNING] ⚠️ والد پستی تحویل نداد
2026-10-09 07:34:56,231 [INFO] ℹ️ پست جدید در این دور نبود. پایان.
2026-10-09 07:34:56,231 [INFO] 📥 3 پست در 2 دور
2026-10-09 07:34:56,231 [INFO] 🚀 شروع تولید فایل‌های خروجی...
2026-10-09 07:34:56,231 [INFO] 📊 پست‌های این اجرا: 3
2026-10-09 07:34:56,231 [INFO] 🪟 keep_latest=50
2026-10-09 07:34:56,232 [INFO] 📄 50 پست از JSON قبلی: bbcpersian_posts.json
2026-10-09 07:34:56,232 [INFO] 🔄 ادغام: 50 قبلی + 3 جدید = 53 یکتا (حذف 0 تکراری)
2026-10-09 07:34:56,232 [INFO] 🪟 پنجره 50تایی: 53 → 50 (حذف 3 قدیمی‌تر؛ run_new=3)
2026-10-09 07:34:56,233 [INFO] 📄 JSON: bbcpersian_posts.json (50 پست)
2026-10-09 07:34:56,234 [INFO] 📄 CSV: bbcpersian_posts.csv
2026-10-09 07:34:56,259 [INFO] 🌐 HTML: bbcpersian_posts.html (50 پست)
2026-10-09 07:34:56,269 [INFO] 📦 ZIP: bbcpersian_archive.zip
2026-10-09 07:34:56,269 [INFO] ✅ خروجی‌ها آماده شد.
2026-10-09 07:34:56,269 [INFO] 📊 تعداد نهایی در آرشیو: 50
2026-10-09 07:34:56,456 [INFO] ✅ پایان دیباگ
2026-10-09 08:12:04,863 [INFO] 📁 دایرکتوری خروجی: Download/telegram_downloads/bbcpersian
2026-10-09 08:12:04,863 [INFO] 🐞 حالت دیباگ: فعال
2026-10-09 08:12:04,863 [INFO] 📌 Resume: غیرفعال
2026-10-09 08:12:04,863 [INFO] 🛑 مرز توقف (stop_before_id): 293007 — پست‌های قدیمی‌تر/مساوی جمع نمی‌شوند
2026-10-09 08:12:04,863 [INFO] 🧭 جهت اسکرول: up
2026-10-09 08:12:04,863 [INFO] 🐞 debug screenshots: Download/telegram_downloads/bbcpersian/debug_screenshots
2026-10-09 08:12:04,863 [INFO] 🐞 حالت دیباگ – بدون دانلود رسانه
2026-10-09 08:12:04,863 [INFO] 🧭 جهت اسکرول: بالا (قدیمی‌تر/قبلی‌ها)
2026-10-09 08:12:04,863 [INFO] 🚀 دیباگ @bbcpersian (limit=1000)
2026-10-09 08:12:04,863 [INFO] 🔄 تا 1000 پست (هر دور از آخرین مرز → قبلی/بعدی)
2026-10-09 08:12:04,863 [INFO] 📌 دور 1/8 | جمع‌شده 0/1000
2026-10-09 08:12:04,863 [INFO] 🐞 استخراج جهت=up start_link=False
2026-10-09 08:12:09,229 [INFO] ✅ مودال با دکمه 'OK' بسته شد
2026-10-09 08:12:10,653 [INFO] 🔍 نوار جستجو پیدا شد.
2026-10-09 08:12:12,628 [INFO] 🔍 در حال جستجوی: @bbcpersian
2026-10-09 08:12:14,163 [INFO] ⏳ منتظر نتایج...
2026-10-09 08:12:14,163 [INFO] 🕐 مرحله اول انتظار (10 ثانیه)...
2026-10-09 08:12:28,248 [INFO]    ✅ عبارت 'bbcpersian' در مرحله اول یافت شد.
2026-10-09 08:12:28,248 [INFO] ✅ نتایج جستجو ظاهر شدند.
2026-10-09 08:12:36,125 [INFO] ✅ کانال با موفقیت باز شد (سلکتور div.search-result).
2026-10-09 08:12:36,125 [INFO] ⬇️ تلاش برای پرش به جدیدترین پست‌ها...
2026-10-09 08:12:48,165 [INFO]    ℹ️ دکمه پرش پیدا نشد — تلاش با End و اسکرول JS...
2026-10-09 08:12:51,008 [INFO]    ✅ اسکرول JS به انتهای لیست
2026-10-09 08:12:54,379 [INFO] ⚠️ ارتفاع صفحه پس از 3 اسکرول تغییر نکرد.
2026-10-09 08:12:54,381 [INFO] 📌 به بالای صفحه رسیدیم. اسکرول متوقف می‌شود.
2026-10-09 08:12:54,381 [INFO] 📊 0 پست جمع‌آوری شد.
2026-10-09 08:12:54,381 [INFO] ⏭️ اسکرین‌شات‌ها غیرفعال هستند.
2026-10-09 08:12:54,381 [WARNING] ⚠️ والد پستی تحویل نداد
2026-10-09 08:12:54,381 [INFO] ℹ️ پست جدید در این دور نبود. پایان.
2026-10-09 08:12:54,381 [INFO] ℹ️ هیچ پست جدیدی برای ذخیره نبود — آرشیو قبلی دست‌نخورده می‌ماند
2026-10-09 08:12:54,480 [INFO] ✅ پایان دیباگ (بدون تغییر)
