2026-10-09 08:13:41,848 [INFO] 📁 دایرکتوری خروجی: Download/telegram_downloads/rodast_omiddana
2026-10-09 08:13:41,848 [INFO] 🐞 حالت دیباگ: فعال
2026-10-09 08:13:41,848 [INFO] 📌 Resume: غیرفعال
2026-10-09 08:13:41,848 [INFO] 🧭 جهت اسکرول: up
2026-10-09 08:13:41,848 [INFO] 🐞 debug screenshots: Download/telegram_downloads/rodast_omiddana/debug_screenshots
2026-10-09 08:13:41,848 [INFO] 🐞 حالت دیباگ – بدون دانلود رسانه
2026-10-09 08:13:41,848 [INFO] 🧭 جهت اسکرول: بالا (قدیمی‌تر/قبلی‌ها)
2026-10-09 08:13:41,849 [INFO] 🚀 دیباگ @rodast_omiddana (limit=50)
2026-10-09 08:13:41,849 [INFO] 🔄 تا 50 پست (هر دور از آخرین مرز → قبلی/بعدی)
2026-10-09 08:13:41,849 [INFO] 📌 دور 1/15 | جمع‌شده 0/50
2026-10-09 08:13:41,849 [INFO] 🐞 استخراج جهت=up start_link=False
2026-10-09 08:13:46,992 [INFO] ✅ مودال با دکمه 'OK' بسته شد
2026-10-09 08:13:48,430 [INFO] 🔍 نوار جستجو پیدا شد.
2026-10-09 08:13:51,640 [INFO] 🔍 در حال جستجوی: @rodast_omiddana
2026-10-09 08:13:52,979 [INFO] ⏳ منتظر نتایج...
2026-10-09 08:13:52,979 [INFO] 🕐 مرحله اول انتظار (10 ثانیه)...
2026-10-09 08:13:58,849 [INFO]    ✅ عبارت 'rodast_omiddana' در مرحله اول یافت شد.
2026-10-09 08:13:58,849 [INFO] ✅ نتایج جستجو ظاهر شدند.
2026-10-09 08:14:04,106 [INFO] ✅ کانال با موفقیت باز شد (سلکتور div.search-result).
2026-10-09 08:14:04,106 [INFO] ⬇️ تلاش برای پرش به جدیدترین پست‌ها...
2026-10-09 08:14:16,163 [INFO]    ℹ️ دکمه پرش پیدا نشد — تلاش با End و اسکرول JS...
2026-10-09 08:14:19,094 [INFO]    ✅ اسکرول JS به انتهای لیست
2026-10-09 08:14:22,699 [INFO] ⚠️ ارتفاع صفحه پس از 3 اسکرول تغییر نکرد.
2026-10-09 08:14:22,701 [INFO] 📌 به بالای صفحه رسیدیم. اسکرول متوقف می‌شود.
2026-10-09 08:14:22,701 [INFO] 📊 1 پست جمع‌آوری شد.
2026-10-09 08:14:22,701 [INFO] ⏭️ اسکرین‌شات‌ها غیرفعال هستند.
2026-10-09 08:14:22,723 [INFO] 📥 1 پست | start_link= | scroll=up
2026-10-09 08:14:22,726 [INFO] 📈 +1 | مجموع 1/50
2026-10-09 08:14:22,728 [INFO] 📌 بالای صفحه – دور بعد
2026-10-09 08:14:24,903 [INFO] 📌 دور 2/15 | جمع‌شده 1/50
2026-10-09 08:14:24,904 [INFO] 🔄 دور 2: از oldest=82167 با scroll=up
2026-10-09 08:14:24,904 [INFO] 🐞 استخراج جهت=up start_link=True
2026-10-09 08:14:24,904 [INFO] ♻️ استفاده مجدد از context و page موجود
2026-10-09 08:14:27,552 [INFO] 🔗 تلاش برای رفتن به لینک: https://t.me/rodast_omiddana/82167
2026-10-09 08:14:27,552 [INFO] 🎯 شناسه پیام هدف: 82167
2026-10-09 08:14:27,587 [INFO] 🔍 نوار جستجو پیدا شد.
2026-10-09 08:14:32,387 [INFO] 🔍 لینک تایپ شد: https://t.me/rodast_omiddana/82167
2026-10-09 08:14:32,390 [INFO] ⏳ منتظر نتایج جستجو...
2026-10-09 08:14:45,203 [INFO] ✅ روی اولین نتیجه با سلکتور 'div[class*="message"] a' کلیک شد.
2026-10-09 08:14:47,262 [INFO] ✅ صفحه پیام‌ها با موفقیت بارگذاری شد.
2026-10-09 08:14:47,263 [INFO] ℹ️ در حالت start_link، پرش به پایین انجام نمی‌شود.
2026-10-09 08:14:47,263 [INFO] 🎯 پیدا کردن پیام هدف 82167...
2026-10-09 08:14:53,167 [INFO] ✅ پیام هدف به بالای صفحه منتقل شد.
2026-10-09 08:14:53,167 [INFO] 🎯 شروع جمع‌آوری از پیام هدف 82167
2026-10-09 08:14:53,167 [INFO] ⬆️ بارگذاری پست‌های قدیمی‌تر با اسکرول به بالا...
2026-10-09 08:15:02,633 [INFO] ⚠️ ارتفاع صفحه پس از 3 اسکرول تغییر نکرد.
2026-10-09 08:15:02,634 [INFO] 📌 به بالای صفحه رسیدیم. اسکرول متوقف می‌شود.
2026-10-09 08:15:02,635 [INFO] 📊 28 پست جمع‌آوری شد.
2026-10-09 08:15:02,635 [INFO] ⏭️ اسکرین‌شات‌ها غیرفعال هستند.
2026-10-09 08:15:02,662 [INFO] 📥 28 پست | start_link=https://t.me/rodast_omiddana/82167 | scroll=up
2026-10-09 08:15:02,767 [INFO] 📈 +28 | مجموع 29/50
2026-10-09 08:15:02,769 [INFO] 📌 بالای صفحه – دور بعد
2026-10-09 08:15:04,904 [INFO] 📌 دور 3/15 | جمع‌شده 29/50
2026-10-09 08:15:04,904 [INFO] 🔄 دور 3: از oldest=82138 با scroll=up
2026-10-09 08:15:04,904 [INFO] 🐞 استخراج جهت=up start_link=True
2026-10-09 08:15:04,904 [INFO] ♻️ استفاده مجدد از context و page موجود
2026-10-09 08:15:07,342 [INFO] 🔗 تلاش برای رفتن به لینک: https://t.me/rodast_omiddana/82138
2026-10-09 08:15:07,342 [INFO] 🎯 شناسه پیام هدف: 82138
2026-10-09 08:15:07,348 [INFO] 🔍 نوار جستجو پیدا شد.
2026-10-09 08:15:11,426 [INFO] 🔍 لینک تایپ شد: https://t.me/rodast_omiddana/82138
2026-10-09 08:15:11,429 [INFO] ⏳ منتظر نتایج جستجو...
2026-10-09 08:15:24,274 [INFO] ✅ روی اولین نتیجه با سلکتور 'div[class*="message"] a' کلیک شد.
2026-10-09 08:15:26,312 [INFO] ✅ صفحه پیام‌ها با موفقیت بارگذاری شد.
2026-10-09 08:15:26,312 [INFO] ℹ️ در حالت start_link، پرش به پایین انجام نمی‌شود.
2026-10-09 08:15:26,312 [INFO] 🎯 پیدا کردن پیام هدف 82138...
2026-10-09 08:15:32,380 [INFO] ✅ پیام هدف به بالای صفحه منتقل شد.
2026-10-09 08:15:32,380 [INFO] 🎯 شروع جمع‌آوری از پیام هدف 82138
2026-10-09 08:15:32,380 [INFO] ⬆️ بارگذاری پست‌های قدیمی‌تر با اسکرول به بالا...
2026-10-09 08:15:38,696 [INFO] 📊 21 پست جمع‌آوری شد.
2026-10-09 08:15:38,696 [INFO] ⏭️ اسکرین‌شات‌ها غیرفعال هستند.
2026-10-09 08:15:38,750 [INFO] 📥 21 پست | start_link=https://t.me/rodast_omiddana/82138 | scroll=up
2026-10-09 08:15:38,905 [INFO] 📈 +21 | مجموع 50/50
2026-10-09 08:15:38,905 [INFO] 📥 50 پست در 3 دور
2026-10-09 08:15:38,905 [INFO] 🚀 شروع تولید فایل‌های خروجی...
2026-10-09 08:15:38,906 [INFO] 📊 پست‌های این اجرا: 50
2026-10-09 08:15:38,906 [INFO] 🪟 keep_latest=50
2026-10-09 08:15:38,906 [INFO] ℹ️ آرشیو قبلی خالی — فقط پست‌های این اجرا
2026-10-09 08:15:38,906 [INFO] 🪟 پنجره هدف=50 (effective=50): 50 پست؛ run_new=50
2026-10-09 08:15:38,907 [INFO] 📄 JSON: rodast_omiddana_posts.json (50 پست)
2026-10-09 08:15:38,907 [INFO] 📄 CSV: rodast_omiddana_posts.csv
2026-10-09 08:15:38,928 [INFO] 🌐 HTML: rodast_omiddana_posts.html (50 پست)
2026-10-09 08:15:38,935 [INFO] 📦 ZIP: rodast_omiddana_archive.zip
2026-10-09 08:15:38,935 [INFO] ✅ خروجی‌ها آماده شد.
2026-10-09 08:15:38,935 [INFO] 📊 تعداد نهایی در آرشیو: 50
2026-10-09 08:15:39,102 [INFO] ✅ پایان دیباگ
