2026-06-29 11:14:53,943 [INFO] 📁 دایرکتوری خروجی: Download/telegram_downloads/FREENET_CANFIG
2026-06-29 11:14:53,943 [INFO] 🚀 شروع اسکریپر با لینک: https://t.me/FREENET_CANFIG/18601 (limit=15)
2026-06-29 11:14:59,812 [INFO] 🔗 تلاش برای رفتن به لینک: https://t.me/FREENET_CANFIG/18601
2026-06-29 11:14:59,812 [INFO] 🎯 شناسه پیام هدف: 18601
2026-06-29 11:15:01,024 [INFO] 🔍 نوار جستجو پیدا شد.
2026-06-29 11:15:06,864 [INFO] 🔍 لینک تایپ شد: https://t.me/FREENET_CANFIG/18601
2026-06-29 11:15:07,012 [INFO] 📸 اسکرین‌شات ذخیره شد: debug_FREENET_CANFIG_search_link_filled.png
2026-06-29 11:15:08,688 [INFO] ⏳ منتظر نتایج جستجو...
2026-06-29 11:15:14,061 [INFO] 📸 اسکرین‌شات ذخیره شد: debug_FREENET_CANFIG_search_results_loaded.png
2026-06-29 11:15:25,471 [INFO] 📸 اسکرین‌شات ذخیره شد: debug_FREENET_CANFIG_before_click_highlighted.png
2026-06-29 11:15:25,518 [INFO] ✅ روی اولین نتیجه با سلکتور 'div[class*="message"] a' کلیک شد.
2026-06-29 11:15:25,518 [INFO] ⏳ منتظر بارگذاری صفحه پیام...
2026-06-29 11:15:32,324 [INFO] ✅ صفحه پیام‌ها با موفقیت بارگذاری شد.
2026-06-29 11:15:32,456 [INFO] 📸 اسکرین‌شات ذخیره شد: debug_FREENET_CANFIG_messages_page_loaded.png
2026-06-29 11:15:32,591 [INFO] ℹ️ در حالت start_link، پرش به پایین انجام نمی‌شود (از همان پیام شروع می‌شود).
2026-06-29 11:15:32,591 [INFO] 🎯 پیدا کردن پیام هدف با شناسه 18601 و بردن به بالای صفحه...
2026-06-29 11:15:33,692 [INFO] ✅ پیام هدف به بالای صفحه منتقل شد.
2026-06-29 11:15:33,801 [INFO] 🎯 به پیام هدف رسیدیم (ID: 18601)، شروع جمع‌آوری...
2026-06-29 11:15:38,195 [INFO] 📊 15 پست جمع‌آوری شد.
2026-06-29 11:15:38,512 [INFO] 📸 گرفتن اسکرین‌شات از 15 پست...
2026-06-29 11:15:45,321 [INFO]    10/15 اسکرین‌شات گرفته شد.
2026-06-29 11:15:48,837 [INFO] ✅ اسکرین‌شات‌ها تمام شد. مجموع: 15
2026-06-29 11:15:48,876 [INFO] 📥 15 پست استخراج شد (جدیدترین‌ها).
2026-06-29 11:15:50,716 [INFO] 📥 [1/15] پست 18601
2026-06-29 11:15:50,716 [INFO] 📍 شروع دانلود پست 18601
2026-06-29 11:15:50,716 [INFO]    🔍 جستجوی پست 18601 ...
2026-06-29 11:15:51,462 [INFO]    ✅ پست 18601 پیدا و نمایان شد (تلاش 1)
2026-06-29 11:15:51,462 [INFO]    📍 پست 18601 آماده شد.
2026-06-29 11:15:52,628 [INFO]    🎯 هدف: کل حباب پیام
2026-06-29 11:15:52,631 [INFO]    🖼️ تعداد تقریبی مدیا: 1 | شروع دانلود...
2026-06-29 11:15:52,778 [INFO]    📸 اسکرین‌شات با ضربدر ذخیره شد: debug_click_target_18601_0_0.png
2026-06-29 11:15:52,780 [INFO]    📸 ضربدر روی هدف کلیک (تلاش 1-1)
2026-06-29 11:15:52,811 [INFO]    🖱️ راست‌کلیک روی هدف در (858, 486)
2026-06-29 11:15:53,725 [INFO]    📸 اسکرین‌شات با ضربدر ذخیره شد: debug_click_download_option_18601_0.png
2026-06-29 11:15:53,728 [INFO]    📸 اسکرین‌شات با ضربدر ذخیره شد
2026-06-29 11:15:53,743 [INFO]    ✅ کلیک روی گزینهٔ دانلود انجام شد (مختصات)
2026-06-29 11:15:54,709 [INFO]    ⏳ آستانه سکوت برای این پست: 24 ثانیه
2026-06-29 11:15:54,980 [INFO] ✅ دانلود شد: 18601_31@FREENET_CANFIG[همه🇳🇱]².sip (0.0 MB)
2026-06-29 11:16:20,730 [INFO]    🔇 24 ثانیه بدون دانلود جدید – اتمام دانلودهای این پست
2026-06-29 11:16:21,060 [INFO] 📦 پست 18601: 1 رسانه دانلود شد.
2026-06-29 11:16:23,156 [INFO] 📥 [2/15] پست 18602
2026-06-29 11:16:23,156 [INFO] 📍 شروع دانلود پست 18602
2026-06-29 11:16:23,156 [INFO]    🔍 جستجوی پست 18602 ...
2026-06-29 11:16:24,441 [INFO]    ✅ پست 18602 پیدا و نمایان شد (تلاش 1)
2026-06-29 11:16:24,441 [INFO]    📍 پست 18602 آماده شد.
2026-06-29 11:16:25,370 [INFO]    🎯 هدف: کل حباب پیام
2026-06-29 11:16:25,373 [INFO]    🖼️ تعداد تقریبی مدیا: 1 | شروع دانلود...
2026-06-29 11:16:25,521 [INFO]    📸 اسکرین‌شات با ضربدر ذخیره شد: debug_click_target_18602_0_0.png
2026-06-29 11:16:25,523 [INFO]    📸 ضربدر روی هدف کلیک (تلاش 1-1)
2026-06-29 11:16:25,551 [INFO]    🖱️ راست‌کلیک روی هدف در (858, 554)
2026-06-29 11:16:26,627 [INFO]    📸 اسکرین‌شات با ضربدر ذخیره شد: debug_click_download_option_18602_0.png
2026-06-29 11:16:26,629 [INFO]    📸 اسکرین‌شات با ضربدر ذخیره شد
2026-06-29 11:16:26,639 [INFO]    ✅ کلیک روی گزینهٔ دانلود انجام شد (مختصات)
2026-06-29 11:16:27,782 [INFO]    ⏳ آستانه سکوت برای این پست: 24 ثانیه
2026-06-29 11:16:27,864 [INFO] ✅ دانلود شد: 18602_31@FREENET_CANFIG[همه🇳🇱]³.sip (0.0 MB)
2026-06-29 11:16:53,806 [INFO]    🔇 24 ثانیه بدون دانلود جدید – اتمام دانلودهای این پست
2026-06-29 11:16:54,075 [INFO] 📦 پست 18602: 1 رسانه دانلود شد.
2026-06-29 11:16:55,165 [INFO] 📥 [3/15] پست 18603
2026-06-29 11:16:55,166 [INFO] 📍 شروع دانلود پست 18603
2026-06-29 11:16:55,166 [INFO]    🔍 جستجوی پست 18603 ...
2026-06-29 11:16:55,970 [INFO]    ✅ پست 18603 پیدا و نمایان شد (تلاش 1)
2026-06-29 11:16:55,970 [INFO]    📍 پست 18603 آماده شد.
2026-06-29 11:16:57,653 [INFO]    🎯 هدف: کل حباب پیام
2026-06-29 11:16:57,657 [INFO]    🖼️ تعداد تقریبی مدیا: 1 | شروع دانلود...
2026-06-29 11:16:57,801 [INFO]    📸 اسکرین‌شات با ضربدر ذخیره شد: debug_click_target_18603_0_0.png
2026-06-29 11:16:57,803 [INFO]    📸 ضربدر روی هدف کلیک (تلاش 1-1)
2026-06-29 11:16:57,829 [INFO]    🖱️ راست‌کلیک روی هدف در (858, 622)
2026-06-29 11:16:58,809 [INFO]    📸 اسکرین‌شات با ضربدر ذخیره شد: debug_click_download_option_18603_0.png
2026-06-29 11:16:58,820 [INFO]    📸 اسکرین‌شات با ضربدر ذخیره شد
2026-06-29 11:16:58,834 [INFO]    ✅ کلیک روی گزینهٔ دانلود انجام شد (مختصات)
2026-06-29 11:17:00,103 [INFO]    ⏳ آستانه سکوت برای این پست: 24 ثانیه
2026-06-29 11:17:00,724 [INFO] ✅ دانلود شد: 18603_31@FREENET_CANFIG[همه🇳🇱]⁴.sip (0.0 MB)
2026-06-29 11:17:26,123 [INFO]    🔇 24 ثانیه بدون دانلود جدید – اتمام دانلودهای این پست
2026-06-29 11:17:26,463 [INFO] 📦 پست 18603: 1 رسانه دانلود شد.
2026-06-29 11:17:27,261 [INFO] 📥 [4/15] پست 18604
2026-06-29 11:17:27,261 [INFO] 📍 شروع دانلود پست 18604
2026-06-29 11:17:27,261 [INFO]    🔍 جستجوی پست 18604 ...
2026-06-29 11:17:28,147 [INFO]    ✅ پست 18604 پیدا و نمایان شد (تلاش 1)
2026-06-29 11:17:28,147 [INFO]    📍 پست 18604 آماده شد.
2026-06-29 11:17:30,107 [INFO]    🎯 هدف: کل حباب پیام
2026-06-29 11:17:30,110 [INFO]    🖼️ تعداد تقریبی مدیا: 1 | شروع دانلود...
2026-06-29 11:17:30,260 [INFO]    📸 اسکرین‌شات با ضربدر ذخیره شد: debug_click_target_18604_0_0.png
2026-06-29 11:17:30,262 [INFO]    📸 ضربدر روی هدف کلیک (تلاش 1-1)
2026-06-29 11:17:30,291 [INFO]    🖱️ راست‌کلیک روی هدف در (858, 690)
2026-06-29 11:17:31,489 [INFO]    📸 اسکرین‌شات با ضربدر ذخیره شد: debug_click_download_option_18604_0.png
2026-06-29 11:17:31,491 [INFO]    📸 اسکرین‌شات با ضربدر ذخیره شد
2026-06-29 11:17:31,499 [INFO]    ✅ کلیک روی گزینهٔ دانلود انجام شد (مختصات)
2026-06-29 11:17:32,417 [INFO]    ⏳ آستانه سکوت برای این پست: 24 ثانیه
2026-06-29 11:17:33,299 [INFO] ✅ دانلود شد: 18604_31@FREENET_CANFIG[همه🇳🇱]⁵.sip (0.0 MB)
2026-06-29 11:17:58,439 [INFO]    🔇 24 ثانیه بدون دانلود جدید – اتمام دانلودهای این پست
2026-06-29 11:17:58,819 [INFO] 📦 پست 18604: 1 رسانه دانلود شد.
2026-06-29 11:18:00,321 [INFO] 📥 [5/15] پست 18605
2026-06-29 11:18:00,321 [INFO] 📍 شروع دانلود پست 18605
2026-06-29 11:18:00,321 [INFO]    🔍 جستجوی پست 18605 ...
2026-06-29 11:18:01,217 [INFO]    ✅ پست 18605 پیدا و نمایان شد (تلاش 1)
2026-06-29 11:18:01,217 [INFO]    📍 پست 18605 آماده شد.
2026-06-29 11:18:02,176 [INFO]    🎯 هدف: کل حباب پیام
2026-06-29 11:18:02,180 [INFO]    🖼️ تعداد تقریبی مدیا: 1 | شروع دانلود...
2026-06-29 11:18:02,331 [INFO]    📸 اسکرین‌شات با ضربدر ذخیره شد: debug_click_target_18605_0_0.png
2026-06-29 11:18:02,333 [INFO]    📸 ضربدر روی هدف کلیک (تلاش 1-1)
2026-06-29 11:18:02,359 [INFO]    🖱️ راست‌کلیک روی هدف در (858, 776)
2026-06-29 11:18:03,455 [INFO]    📸 اسکرین‌شات با ضربدر ذخیره شد: debug_click_download_option_18605_0.png
2026-06-29 11:18:03,457 [INFO]    📸 اسکرین‌شات با ضربدر ذخیره شد
2026-06-29 11:18:03,467 [INFO]    ✅ کلیک روی گزینهٔ دانلود انجام شد (مختصات)
2026-06-29 11:18:05,205 [INFO]    ⏳ آستانه سکوت برای این پست: 24 ثانیه
2026-06-29 11:18:05,353 [INFO] ✅ دانلود شد: 18605_31@FREENET_CANFIG[همه🇳🇱]⁶.sip (0.0 MB)
2026-06-29 11:18:31,229 [INFO]    🔇 24 ثانیه بدون دانلود جدید – اتمام دانلودهای این پست
2026-06-29 11:18:31,533 [INFO] 📦 پست 18605: 1 رسانه دانلود شد.
2026-06-29 11:18:33,360 [INFO] 📥 [6/15] پست 18606
2026-06-29 11:18:33,361 [INFO] 📍 شروع دانلود پست 18606
2026-06-29 11:18:33,361 [INFO]    🔍 جستجوی پست 18606 ...
2026-06-29 11:18:34,362 [INFO]    ✅ پست 18606 پیدا و نمایان شد (تلاش 1)
2026-06-29 11:18:34,362 [INFO]    📍 پست 18606 آماده شد.
2026-06-29 11:18:35,459 [INFO]    🎯 هدف: کل حباب پیام
2026-06-29 11:18:35,463 [INFO]    🖼️ تعداد تقریبی مدیا: 1 | شروع دانلود...
2026-06-29 11:18:35,614 [INFO]    📸 اسکرین‌شات با ضربدر ذخیره شد: debug_click_target_18606_0_0.png
2026-06-29 11:18:35,616 [INFO]    📸 ضربدر روی هدف کلیک (تلاش 1-1)
2026-06-29 11:18:35,641 [INFO]    🖱️ راست‌کلیک روی هدف در (858, 844)
2026-06-29 11:18:36,686 [INFO]    📸 اسکرین‌شات با ضربدر ذخیره شد: debug_click_download_option_18606_0.png
2026-06-29 11:18:36,688 [INFO]    📸 اسکرین‌شات با ضربدر ذخیره شد
2026-06-29 11:18:36,694 [INFO]    ✅ کلیک روی گزینهٔ دانلود انجام شد (مختصات)
2026-06-29 11:18:37,803 [INFO]    ⏳ آستانه سکوت برای این پست: 24 ثانیه
2026-06-29 11:18:37,927 [INFO] ✅ دانلود شد: 18606_31@FREENET_CANFIG[همه🇳🇱]⁷.sip (0.0 MB)
2026-06-29 11:19:03,825 [INFO]    🔇 24 ثانیه بدون دانلود جدید – اتمام دانلودهای این پست
2026-06-29 11:19:04,093 [INFO] 📦 پست 18606: 1 رسانه دانلود شد.
2026-06-29 11:19:05,658 [INFO] 📥 [7/15] پست 18607
2026-06-29 11:19:05,659 [INFO] 📍 شروع دانلود پست 18607
2026-06-29 11:19:05,659 [INFO]    🔍 جستجوی پست 18607 ...
2026-06-29 11:19:06,820 [INFO]    ✅ پست 18607 پیدا و نمایان شد (تلاش 1)
2026-06-29 11:19:06,820 [INFO]    📍 پست 18607 آماده شد.
2026-06-29 11:19:08,087 [INFO]    🎯 هدف: کل حباب پیام
2026-06-29 11:19:08,091 [INFO]    🖼️ تعداد تقریبی مدیا: 1 | شروع دانلود...
2026-06-29 11:19:08,239 [INFO]    📸 اسکرین‌شات با ضربدر ذخیره شد: debug_click_target_18607_0_0.png
2026-06-29 11:19:08,241 [INFO]    📸 ضربدر روی هدف کلیک (تلاش 1-1)
2026-06-29 11:19:08,271 [INFO]    🖱️ راست‌کلیک روی هدف در (858, 866)
2026-06-29 11:19:09,495 [INFO]    📸 اسکرین‌شات با ضربدر ذخیره شد: debug_click_download_option_18607_0.png
2026-06-29 11:19:09,508 [INFO]    📸 اسکرین‌شات با ضربدر ذخیره شد
2026-06-29 11:19:09,520 [INFO]    ✅ کلیک روی گزینهٔ دانلود انجام شد (مختصات)
2026-06-29 11:19:10,845 [INFO] ✅ دانلود شد: 18607_31@FREENET_CANFIG[همه🇫🇷]¹.sip (0.0 MB)
2026-06-29 11:19:11,481 [INFO]    ⏳ آستانه سکوت برای این پست: 24 ثانیه
2026-06-29 11:19:37,504 [INFO]    🔇 24 ثانیه بدون دانلود جدید – اتمام دانلودهای این پست
2026-06-29 11:19:37,823 [INFO] 📦 پست 18607: 1 رسانه دانلود شد.
2026-06-29 11:19:39,938 [INFO] 📥 [8/15] پست 18608
2026-06-29 11:19:39,938 [INFO] 📍 شروع دانلود پست 18608
2026-06-29 11:19:39,938 [INFO]    🔍 جستجوی پست 18608 ...
2026-06-29 11:19:41,242 [INFO]    ✅ پست 18608 پیدا و نمایان شد (تلاش 1)
2026-06-29 11:19:41,242 [INFO]    📍 پست 18608 آماده شد.
2026-06-29 11:19:42,269 [INFO]    🎯 هدف: کل حباب پیام
2026-06-29 11:19:42,272 [INFO]    🖼️ تعداد تقریبی مدیا: 1 | شروع دانلود...
2026-06-29 11:19:42,415 [INFO]    📸 اسکرین‌شات با ضربدر ذخیره شد: debug_click_target_18608_0_0.png
2026-06-29 11:19:42,417 [INFO]    📸 ضربدر روی هدف کلیک (تلاش 1-1)
2026-06-29 11:19:42,444 [INFO]    🖱️ راست‌کلیک روی هدف در (858, 486)
2026-06-29 11:19:43,328 [INFO]    📸 اسکرین‌شات با ضربدر ذخیره شد: debug_click_download_option_18608_0.png
2026-06-29 11:19:43,338 [INFO]    📸 اسکرین‌شات با ضربدر ذخیره شد
2026-06-29 11:19:43,360 [INFO]    ✅ کلیک روی گزینهٔ دانلود انجام شد (مختصات)
2026-06-29 11:19:44,577 [INFO] ✅ دانلود شد: 18608_31@FREENET_CANFIG[همه🇫🇷]².sip (0.0 MB)
2026-06-29 11:19:45,028 [INFO]    ⏳ آستانه سکوت برای این پست: 24 ثانیه
2026-06-29 11:20:11,049 [INFO]    🔇 24 ثانیه بدون دانلود جدید – اتمام دانلودهای این پست
2026-06-29 11:20:11,342 [INFO] 📦 پست 18608: 1 رسانه دانلود شد.
2026-06-29 11:20:13,161 [INFO] 📥 [9/15] پست 18609
2026-06-29 11:20:13,162 [INFO] 📍 شروع دانلود پست 18609
2026-06-29 11:20:13,162 [INFO]    🔍 جستجوی پست 18609 ...
2026-06-29 11:20:14,027 [INFO]    ✅ پست 18609 پیدا و نمایان شد (تلاش 1)
2026-06-29 11:20:14,027 [INFO]    📍 پست 18609 آماده شد.
2026-06-29 11:20:15,958 [INFO]    🎯 هدف: کل حباب پیام
2026-06-29 11:20:15,962 [INFO]    🖼️ تعداد تقریبی مدیا: 1 | شروع دانلود...
2026-06-29 11:20:16,103 [INFO]    📸 اسکرین‌شات با ضربدر ذخیره شد: debug_click_target_18609_0_0.png
2026-06-29 11:20:16,105 [INFO]    📸 ضربدر روی هدف کلیک (تلاش 1-1)
2026-06-29 11:20:16,136 [INFO]    🖱️ راست‌کلیک روی هدف در (858, 781)
2026-06-29 11:20:17,000 [INFO]    📸 اسکرین‌شات با ضربدر ذخیره شد: debug_click_download_option_18609_0.png
2026-06-29 11:20:17,003 [INFO]    📸 اسکرین‌شات با ضربدر ذخیره شد
2026-06-29 11:20:17,011 [INFO]    ✅ کلیک روی گزینهٔ دانلود انجام شد (مختصات)
2026-06-29 11:20:18,916 [INFO]    ⏳ آستانه سکوت برای این پست: 24 ثانیه
2026-06-29 11:20:18,970 [INFO] ✅ دانلود شد: 18609_31@FREENET_CANFIG[همه🇫🇷]³.sip (0.0 MB)
2026-06-29 11:20:44,937 [INFO]    🔇 24 ثانیه بدون دانلود جدید – اتمام دانلودهای این پست
2026-06-29 11:20:45,271 [INFO] 📦 پست 18609: 1 رسانه دانلود شد.
2026-06-29 11:20:47,498 [INFO] 📥 [10/15] پست 18610
2026-06-29 11:20:47,498 [INFO] 📍 شروع دانلود پست 18610
2026-06-29 11:20:47,498 [INFO]    🔍 جستجوی پست 18610 ...
2026-06-29 11:20:48,285 [INFO]    ✅ پست 18610 پیدا و نمایان شد (تلاش 1)
2026-06-29 11:20:48,285 [INFO]    📍 پست 18610 آماده شد.
2026-06-29 11:20:49,591 [INFO]    🎯 هدف: کل حباب پیام
2026-06-29 11:20:49,594 [INFO]    🖼️ تعداد تقریبی مدیا: 1 | شروع دانلود...
2026-06-29 11:20:49,734 [INFO]    📸 اسکرین‌شات با ضربدر ذخیره شد: debug_click_target_18610_0_0.png
2026-06-29 11:20:49,737 [INFO]    📸 ضربدر روی هدف کلیک (تلاش 1-1)
2026-06-29 11:20:49,767 [INFO]    🖱️ راست‌کلیک روی هدف در (858, 789)
2026-06-29 11:20:50,462 [WARNING]    ⚠️ گزینهٔ دانلود در منوی راست‌کلیک پیدا نشد!
2026-06-29 11:20:50,462 [INFO]    📜 اسکرول کمکی ۳۰۰px به بالا (تلاش کلی 2)
2026-06-29 11:20:52,429 [INFO]    📸 اسکرین‌شات با ضربدر ذخیره شد: debug_click_target_18610_1_0.png
2026-06-29 11:20:52,431 [INFO]    📸 ضربدر روی هدف کلیک (تلاش 2-1)
2026-06-29 11:20:52,436 [INFO]    🖱️ راست‌کلیک روی هدف در (858, 789)
2026-06-29 11:20:53,316 [WARNING]    ⚠️ گزینهٔ دانلود در منوی راست‌کلیک پیدا نشد!
2026-06-29 11:20:53,316 [INFO]    📜 اسکرول کمکی ۳۰۰px به بالا (تلاش کلی 3)
2026-06-29 11:20:54,883 [INFO]    📸 اسکرین‌شات با ضربدر ذخیره شد: debug_click_target_18610_2_0.png
2026-06-29 11:20:54,885 [INFO]    📸 ضربدر روی هدف کلیک (تلاش 3-1)
2026-06-29 11:20:54,889 [INFO]    🖱️ راست‌کلیک روی هدف در (858, 789)
2026-06-29 11:20:55,639 [WARNING]    ⚠️ گزینهٔ دانلود در منوی راست‌کلیک پیدا نشد!
2026-06-29 11:20:55,911 [INFO]    🔄 منوی context ناموفق – استفاده از دانلود مستقیم...
2026-06-29 11:20:55,922 [INFO]    🔗 6 لینک در کل پیام پیدا شد
2026-06-29 11:20:56,769 [INFO] ✅ مستقیم: 18610_0.png (0.0 MB)
2026-06-29 11:20:56,931 [INFO] ✅ مستقیم: 18610_1.png (0.0 MB)
2026-06-29 11:20:57,086 [INFO] ✅ مستقیم: 18610_2.png (0.0 MB)
2026-06-29 11:20:57,241 [INFO] ✅ مستقیم: 18610_3.png (0.0 MB)
2026-06-29 11:20:57,411 [INFO] ✅ مستقیم: 18610_4.png (0.0 MB)
2026-06-29 11:20:57,582 [INFO] ✅ مستقیم: 18610_5.png (0.0 MB)
2026-06-29 11:20:59,257 [INFO] 📥 [11/15] پست 18582
2026-06-29 11:20:59,258 [INFO] 📍 شروع دانلود پست 18582
2026-06-29 11:20:59,258 [INFO]    🔍 جستجوی پست 18582 ...
2026-06-29 11:21:00,155 [INFO]    ✅ پست 18582 پیدا و نمایان شد (تلاش 1)
2026-06-29 11:21:00,155 [INFO]    📍 پست 18582 آماده شد.
2026-06-29 11:21:01,237 [INFO]    🎯 هدف: کل حباب پیام
2026-06-29 11:21:01,241 [INFO]    🖼️ تعداد تقریبی مدیا: 1 | شروع دانلود...
2026-06-29 11:21:01,391 [INFO]    📸 اسکرین‌شات با ضربدر ذخیره شد: debug_click_target_18582_0_0.png
2026-06-29 11:21:01,393 [INFO]    📸 ضربدر روی هدف کلیک (تلاش 1-1)
2026-06-29 11:21:01,421 [INFO]    🖱️ راست‌کلیک روی هدف در (858, 486)
2026-06-29 11:21:02,529 [INFO]    📸 اسکرین‌شات با ضربدر ذخیره شد: debug_click_download_option_18582_0.png
2026-06-29 11:21:02,531 [INFO]    📸 اسکرین‌شات با ضربدر ذخیره شد
2026-06-29 11:21:02,538 [INFO]    ✅ کلیک روی گزینهٔ دانلود انجام شد (مختصات)
2026-06-29 11:21:04,072 [INFO]    ⏳ آستانه سکوت برای این پست: 24 ثانیه
2026-06-29 11:21:04,355 [INFO] ✅ دانلود شد: 18582_30@FREENET_CANFIG[همه🇺🇸]⁴.sip (0.0 MB)
2026-06-29 11:21:30,093 [INFO]    🔇 24 ثانیه بدون دانلود جدید – اتمام دانلودهای این پست
2026-06-29 11:21:30,412 [INFO] 📦 پست 18582: 1 رسانه دانلود شد.
2026-06-29 11:21:32,153 [INFO] 📥 [12/15] پست 18583
2026-06-29 11:21:32,153 [INFO] 📍 شروع دانلود پست 18583
2026-06-29 11:21:32,153 [INFO]    🔍 جستجوی پست 18583 ...
2026-06-29 11:21:33,426 [INFO]    ✅ پست 18583 پیدا و نمایان شد (تلاش 1)
2026-06-29 11:21:33,426 [INFO]    📍 پست 18583 آماده شد.
2026-06-29 11:21:34,477 [INFO]    🎯 هدف: کل حباب پیام
2026-06-29 11:21:34,481 [INFO]    🖼️ تعداد تقریبی مدیا: 1 | شروع دانلود...
2026-06-29 11:21:34,633 [INFO]    📸 اسکرین‌شات با ضربدر ذخیره شد: debug_click_target_18583_0_0.png
2026-06-29 11:21:34,635 [INFO]    📸 ضربدر روی هدف کلیک (تلاش 1-1)
2026-06-29 11:21:34,663 [INFO]    🖱️ راست‌کلیک روی هدف در (858, 554)
2026-06-29 11:21:35,908 [INFO]    📸 اسکرین‌شات با ضربدر ذخیره شد: debug_click_download_option_18583_0.png
2026-06-29 11:21:35,910 [INFO]    📸 اسکرین‌شات با ضربدر ذخیره شد
2026-06-29 11:21:35,916 [INFO]    ✅ کلیک روی گزینهٔ دانلود انجام شد (مختصات)
2026-06-29 11:21:36,898 [INFO]    ⏳ آستانه سکوت برای این پست: 24 ثانیه
2026-06-29 11:21:37,185 [INFO] ✅ دانلود شد: 18583_30@FREENET_CANFIG[همه🇺🇸]⁵.sip (0.0 MB)
2026-06-29 11:22:02,923 [INFO]    🔇 24 ثانیه بدون دانلود جدید – اتمام دانلودهای این پست
2026-06-29 11:22:03,234 [INFO] 📦 پست 18583: 1 رسانه دانلود شد.
2026-06-29 11:22:05,336 [INFO] 📥 [13/15] پست 18584
2026-06-29 11:22:05,336 [INFO] 📍 شروع دانلود پست 18584
2026-06-29 11:22:05,336 [INFO]    🔍 جستجوی پست 18584 ...
2026-06-29 11:22:06,299 [INFO]    ✅ پست 18584 پیدا و نمایان شد (تلاش 1)
2026-06-29 11:22:06,299 [INFO]    📍 پست 18584 آماده شد.
2026-06-29 11:22:07,875 [INFO]    🎯 هدف: کل حباب پیام
2026-06-29 11:22:07,879 [INFO]    🖼️ تعداد تقریبی مدیا: 1 | شروع دانلود...
2026-06-29 11:22:08,020 [INFO]    📸 اسکرین‌شات با ضربدر ذخیره شد: debug_click_target_18584_0_0.png
2026-06-29 11:22:08,022 [INFO]    📸 ضربدر روی هدف کلیک (تلاش 1-1)
2026-06-29 11:22:08,051 [INFO]    🖱️ راست‌کلیک روی هدف در (858, 622)
2026-06-29 11:22:09,031 [INFO]    📸 اسکرین‌شات با ضربدر ذخیره شد: debug_click_download_option_18584_0.png
2026-06-29 11:22:09,037 [INFO]    📸 اسکرین‌شات با ضربدر ذخیره شد
2026-06-29 11:22:09,045 [INFO]    ✅ کلیک روی گزینهٔ دانلود انجام شد (مختصات)
2026-06-29 11:22:10,118 [INFO]    ⏳ آستانه سکوت برای این پست: 24 ثانیه
2026-06-29 11:22:10,979 [INFO] ✅ دانلود شد: 18584_30@FREENET_CANFIG[همه🇺🇸]⁶.sip (0.0 MB)
2026-06-29 11:22:36,138 [INFO]    🔇 24 ثانیه بدون دانلود جدید – اتمام دانلودهای این پست
2026-06-29 11:22:36,504 [INFO] 📦 پست 18584: 1 رسانه دانلود شد.
2026-06-29 11:22:38,491 [INFO] 📥 [14/15] پست 18585
2026-06-29 11:22:38,491 [INFO] 📍 شروع دانلود پست 18585
2026-06-29 11:22:38,491 [INFO]    🔍 جستجوی پست 18585 ...
2026-06-29 11:22:39,580 [INFO]    ✅ پست 18585 پیدا و نمایان شد (تلاش 1)
2026-06-29 11:22:39,580 [INFO]    📍 پست 18585 آماده شد.
2026-06-29 11:22:41,175 [INFO]    🎯 هدف: کل حباب پیام
2026-06-29 11:22:41,179 [INFO]    🖼️ تعداد تقریبی مدیا: 1 | شروع دانلود...
2026-06-29 11:22:41,319 [INFO]    📸 اسکرین‌شات با ضربدر ذخیره شد: debug_click_target_18585_0_0.png
2026-06-29 11:22:41,321 [INFO]    📸 ضربدر روی هدف کلیک (تلاش 1-1)
2026-06-29 11:22:41,350 [INFO]    🖱️ راست‌کلیک روی هدف در (858, 690)
2026-06-29 11:22:42,478 [INFO]    📸 اسکرین‌شات با ضربدر ذخیره شد: debug_click_download_option_18585_0.png
2026-06-29 11:22:42,480 [INFO]    📸 اسکرین‌شات با ضربدر ذخیره شد
2026-06-29 11:22:42,486 [INFO]    ✅ کلیک روی گزینهٔ دانلود انجام شد (مختصات)
2026-06-29 11:22:44,068 [INFO]    ⏳ آستانه سکوت برای این پست: 24 ثانیه
2026-06-29 11:22:44,292 [INFO] ✅ دانلود شد: 18585_30@FREENET_CANFIG[همه🇺🇸]⁷.sip (0.0 MB)
2026-06-29 11:23:10,090 [INFO]    🔇 24 ثانیه بدون دانلود جدید – اتمام دانلودهای این پست
2026-06-29 11:23:10,370 [INFO] 📦 پست 18585: 1 رسانه دانلود شد.
2026-06-29 11:23:12,543 [INFO] 📥 [15/15] پست 18586
2026-06-29 11:23:12,544 [INFO] 📍 شروع دانلود پست 18586
2026-06-29 11:23:12,544 [INFO]    🔍 جستجوی پست 18586 ...
2026-06-29 11:23:13,309 [INFO]    ✅ پست 18586 پیدا و نمایان شد (تلاش 1)
2026-06-29 11:23:13,309 [INFO]    📍 پست 18586 آماده شد.
2026-06-29 11:23:15,284 [INFO]    🎯 هدف: کل حباب پیام
2026-06-29 11:23:15,288 [INFO]    🖼️ تعداد تقریبی مدیا: 1 | شروع دانلود...
2026-06-29 11:23:15,428 [INFO]    📸 اسکرین‌شات با ضربدر ذخیره شد: debug_click_target_18586_0_0.png
2026-06-29 11:23:15,430 [INFO]    📸 ضربدر روی هدف کلیک (تلاش 1-1)
2026-06-29 11:23:15,459 [INFO]    🖱️ راست‌کلیک روی هدف در (858, 780)
2026-06-29 11:23:16,459 [INFO]    📸 اسکرین‌شات با ضربدر ذخیره شد: debug_click_download_option_18586_0.png
2026-06-29 11:23:16,461 [INFO]    📸 اسکرین‌شات با ضربدر ذخیره شد
2026-06-29 11:23:16,468 [INFO]    ✅ کلیک روی گزینهٔ دانلود انجام شد (مختصات)
2026-06-29 11:23:17,910 [INFO]    ⏳ آستانه سکوت برای این پست: 24 ثانیه
2026-06-29 11:23:18,345 [INFO] ✅ دانلود شد: 18586_30@FREENET_CANFIG[همه🇺🇸]⁸.sip (0.0 MB)
2026-06-29 11:23:43,930 [INFO]    🔇 24 ثانیه بدون دانلود جدید – اتمام دانلودهای این پست
2026-06-29 11:23:44,300 [INFO] 📦 پست 18586: 1 رسانه دانلود شد.
2026-06-29 11:23:44,300 [INFO] 🖼️ 20 فایل رسانه دانلود شد.
2026-06-29 11:23:44,300 [INFO] 📊 media_map برای 15 پست پر شد.
2026-06-29 11:23:44,301 [INFO] 📄 JSON: Download/telegram_downloads/FREENET_CANFIG/posts.json
2026-06-29 11:23:44,301 [INFO] 📊 CSV: Download/telegram_downloads/FREENET_CANFIG/posts.csv
2026-06-29 11:23:44,319 [INFO] 🌐 HTML: Download/telegram_downloads/FREENET_CANFIG/posts.html
2026-06-29 11:23:45,015 [INFO] 📦 حجم فایل ZIP: 25.8 MB
2026-06-29 11:23:45,016 [INFO] ℹ️ حجم ZIP کمتر از 30MB است – تقسیم نیاز نیست
2026-06-29 11:23:45,016 [INFO] ✅ فایل ZIP آماده شد: FREENET_CANFIG_archive.zip
2026-06-29 11:23:45,394 [INFO] ✅ پایان موفقیت‌آمیز.
