2026-07-08 15:44:09,065 [INFO] 📁 دایرکتوری خروجی: Download/telegram_downloads/IranintlTV 
2026-07-08 15:44:09,065 [INFO] 🐞 حالت دیباگ: فعال
2026-07-08 15:44:09,065 [INFO] 📌 Resume: غیرفعال
2026-07-08 15:44:09,065 [INFO] 🧭 جهت اسکرول: up
2026-07-08 15:44:09,065 [INFO] 🐞 پوشه اسکرین‌شات‌های دیباگ: Download/telegram_downloads/IranintlTV /debug_screenshots
2026-07-08 15:44:09,065 [INFO] 🐞 حالت دیباگ فعال است – دانلود رسانه انجام نمی‌شود.
2026-07-08 15:44:09,065 [INFO] 🧭 جهت اسکرول: بالا (قدیمی‌تر)
2026-07-08 15:44:09,066 [INFO] 🚀 شروع اسکریپر دیباگ برای @IranintlTV  (limit=60)
2026-07-08 15:44:09,066 [INFO] 🔄 دیباگ تا رسیدن به 60 پست ادامه می‌دهد...
2026-07-08 15:44:09,066 [INFO] 📌 دور 1 از 15
2026-07-08 15:44:09,066 [INFO] 📊 پست‌های جمع‌آوری‌شده تا اینجا: 0/60
2026-07-08 15:44:09,066 [INFO] 🐞 شروع استخراج با جهت: up | start_link=False
2026-07-08 15:44:15,760 [INFO] 🔍 نوار جستجو پیدا شد.
2026-07-08 15:44:17,307 [INFO] 🔍 در حال جستجوی: @IranintlTV 
2026-07-08 15:44:18,819 [INFO] ⏳ منتظر نتایج...
2026-07-08 15:44:18,819 [INFO] 🕐 مرحله اول انتظار (10 ثانیه)...
2026-07-08 15:44:25,584 [INFO]    ✅ عبارت 'IranintlTV ' در مرحله اول یافت شد.
2026-07-08 15:44:25,584 [INFO] ✅ نتایج جستجو ظاهر شدند.
2026-07-08 15:44:32,635 [INFO] ✅ کانال با موفقیت باز شد (سلکتور div.search-result).
2026-07-08 15:44:32,635 [INFO] ⬇️ تلاش برای پرش به جدیدترین پست‌ها...
2026-07-08 15:44:32,686 [INFO]    ✅ روی دکمه فلش کلیک شد. منتظر بارگذاری جدیدترین پست‌ها...
2026-07-08 15:44:38,971 [INFO] 📊 60 پست جمع‌آوری شد.
2026-07-08 15:44:38,971 [INFO] ⏭️ اسکرین‌شات‌ها غیرفعال هستند.
2026-07-08 15:44:39,018 [INFO] 📥 والد 60 پست تحویل داد.
2026-07-08 15:44:39,018 [INFO]    📌 start_link: None
2026-07-08 15:44:39,018 [INFO]    📌 limit این دور: 60
2026-07-08 15:44:39,018 [INFO]    📌 جهت اسکرول: up
2026-07-08 15:44:39,018 [INFO] 🐞 استخراج تمام شد — 60 پست (جهت: up)
2026-07-08 15:44:39,018 [INFO] 📈 60 پست جدید در این دور اضافه شد
2026-07-08 15:44:39,018 [INFO] 📊 مجموع پست‌ها تا اینجا: 60/60
2026-07-08 15:44:39,018 [INFO] 📥 60 پست استخراج شد (در 1 دور).
2026-07-08 15:44:39,018 [INFO] 🚀 شروع تولید فایل‌های خروجی...
2026-07-08 15:44:39,018 [INFO] 📊 تعداد پست‌های ورودی: 60
2026-07-08 15:44:39,019 [INFO] 📌 append_mode: False
2026-07-08 15:44:39,019 [INFO] ℹ️ append_mode غیرفعال است. بدون ادغام ادامه می‌یابد.
2026-07-08 15:44:39,020 [INFO] 📄 JSON: IranintlTV_posts.json (60 پست)
2026-07-08 15:44:39,021 [INFO] 📊 CSV: IranintlTV_posts.csv (60 پست)
2026-07-08 15:44:39,021 [INFO] ℹ️ append_mode غیرفعال است. فایل HTML از نو ساخته می‌شود.
2026-07-08 15:44:39,066 [INFO] 🌐 HTML: IranintlTV_posts.html (60 پست)
2026-07-08 15:44:39,078 [INFO] 📦 حجم فایل ZIP: 0.0 MB
2026-07-08 15:44:39,079 [INFO] ℹ️ حجم ZIP کمتر از 30MB است – تقسیم نیاز نیست
2026-07-08 15:44:39,079 [INFO] ✅ فایل ZIP آماده شد: IranintlTV_archive.zip
2026-07-08 15:44:39,079 [INFO] ✅ تمام فایل‌های خروجی با موفقیت تولید شدند.
2026-07-08 15:44:39,079 [INFO] 📊 تعداد نهایی پست‌ها: 60
2026-07-08 15:44:39,079 [INFO] 🐞 فایل‌های خروجی دیباگ در: Download/telegram_downloads/IranintlTV 
2026-07-08 15:44:39,382 [INFO] ✅ پایان موفقیت‌آمیز دیباگ.
2026-07-08 15:44:39,382 [INFO] 🐞 خلاصه دیباگ ذخیره شد: Download/telegram_downloads/IranintlTV /debug_summary.json
