2026-07-09 17:49:20,061 [INFO] 📁 دایرکتوری خروجی: Download/telegram_downloads/IranintlTv 
2026-07-09 17:49:20,061 [INFO] 🐞 حالت دیباگ: فعال
2026-07-09 17:49:20,061 [INFO] 📌 Resume: غیرفعال
2026-07-09 17:49:20,061 [INFO] 🧭 جهت اسکرول: up
2026-07-09 17:49:20,062 [INFO] 🐞 پوشه اسکرین‌شات‌های دیباگ: Download/telegram_downloads/IranintlTv /debug_screenshots
2026-07-09 17:49:20,062 [INFO] 🐞 حالت دیباگ فعال است – دانلود رسانه انجام نمی‌شود.
2026-07-09 17:49:20,062 [INFO] 🧭 جهت اسکرول: بالا (قدیمی‌تر)
2026-07-09 17:49:20,062 [INFO] 🚀 شروع اسکریپر دیباگ برای @IranintlTv  (limit=35)
2026-07-09 17:49:20,062 [INFO] 🔄 دیباگ تا رسیدن به 35 پست ادامه می‌دهد...
2026-07-09 17:49:20,062 [INFO] 📌 دور 1 از 15
2026-07-09 17:49:20,062 [INFO] 📊 پست‌های جمع‌آوری‌شده تا اینجا: 0/35
2026-07-09 17:49:20,062 [INFO] 🐞 شروع استخراج با جهت: up | start_link=False
2026-07-09 17:49:23,455 [INFO] 🔍 نوار جستجو پیدا شد.
2026-07-09 17:49:25,275 [INFO] 🔍 در حال جستجوی: @IranintlTv 
2026-07-09 17:49:27,125 [INFO] ⏳ منتظر نتایج...
2026-07-09 17:49:27,126 [INFO] 🕐 مرحله اول انتظار (10 ثانیه)...
2026-07-09 17:49:37,652 [INFO] 🕐 مرحله دوم انتظار (15 ثانیه)...
2026-07-09 17:49:48,910 [INFO] 🕐 مرحله سوم انتظار (20 ثانیه)...
2026-07-09 17:50:16,409 [INFO] 📑 کلیک روی تب Channels (در صورت وجود)...
2026-07-09 17:50:45,570 [ERROR] ❌ نتایج جستجو برای 'IranintlTv ' پیدا نشد (حتی پس از ۴۵+ ثانیه).
2026-07-09 17:50:45,671 [WARNING] ⚠️ والد هیچ پستی تحویل نداد یا صفحه موجود نیست.
2026-07-09 17:50:45,671 [INFO] ℹ️ پست جدیدی در این دور پیدا نشد. پایان.
2026-07-09 17:50:45,671 [WARNING] هیچ پستی دریافت نشد.
2026-07-09 17:50:45,671 [INFO] 🐞 خلاصه دیباگ ذخیره شد: Download/telegram_downloads/IranintlTv /debug_summary.json
