2026-06-26 07:25:06,632 [INFO] 📁 دایرکتوری خروجی: Download/telegram_downloads/IranintlTV
2026-06-26 07:25:06,633 [INFO] 🚀 شروع اسکریپر مستقل برای @IranintlTV (limit=4)
2026-06-26 07:25:17,776 [INFO] 🔍 نوار جستجو پیدا شد.
2026-06-26 07:25:17,859 [INFO] 🔍 در حال جستجوی: @IranintlTV
2026-06-26 07:25:18,117 [INFO] 📸 اسکرین‌شات ذخیره شد: debug_IranintlTV_search_input_filled.png
2026-06-26 07:25:19,931 [INFO] ⏳ منتظر نتایج...
2026-06-26 07:25:27,856 [INFO] ✅ عبارت 'IranintlTV' در صفحه یافت شد.
2026-06-26 07:25:27,856 [INFO] ✅ نتایج جستجو قطعاً ظاهر شدند.
2026-06-26 07:25:28,030 [INFO] 📸 اسکرین‌شات ذخیره شد: debug_IranintlTV_search_results_IranintlTV.png
2026-06-26 07:25:36,639 [INFO] ✅ کانال با موفقیت باز شد (سلکتور div.search-result).
2026-06-26 07:25:36,782 [INFO] ⬇️ تلاش برای پرش به جدیدترین پست‌ها...
2026-06-26 07:25:36,831 [INFO]    ✅ روی دکمهٔ فلش کلیک شد. منتظر بارگذاری جدیدترین پست‌ها...
2026-06-26 07:25:41,118 [INFO] 📊 4 پست جدیدترین جمع‌آوری شد.
2026-06-26 07:25:41,281 [INFO] 📸 گرفتن اسکرین‌شات از 4 پست...
2026-06-26 07:25:44,012 [INFO] ✅ اسکرین‌شات‌ها تمام شد. مجموع: 4
2026-06-26 07:25:44,044 [INFO] 📥 4 پست استخراج شد (جدیدترین‌ها).
2026-06-26 07:25:44,044 [INFO] 📥 [1/4] پست 344403
2026-06-26 07:25:44,045 [INFO] 📍 شروع دانلود پست 344403
2026-06-26 07:25:46,991 [INFO]    📍 پست 344403 آماده شد. راست‌کلیک و دانلود...
2026-06-26 07:25:48,767 [INFO]    🖱️ راست‌کلیک روی پیام انجام شد در (858, 486)
2026-06-26 07:25:49,704 [INFO]    📸 اسکرین‌شات با ضربدر ذخیره شد: debug_click_download_option_344403.png
2026-06-26 07:25:49,707 [INFO]    📸 اسکرین‌شات با ضربدر ذخیره شد
2026-06-26 07:25:49,713 [INFO]    ✅ کلیک روی گزینهٔ دانلود انجام شد (مختصات)
2026-06-26 07:25:50,983 [INFO] ✅ دانلود شد: 344403_0.jpg (0.2 MB)
2026-06-26 07:26:05,040 [INFO] 📦 پست 344403: 1 رسانه دانلود شد.
2026-06-26 07:26:06,731 [INFO] 📥 [2/4] پست 344402
2026-06-26 07:26:06,731 [INFO] 📍 شروع دانلود پست 344402
2026-06-26 07:26:08,949 [INFO]    📍 پست 344402 آماده شد. راست‌کلیک و دانلود...
2026-06-26 07:26:10,972 [INFO]    🖱️ راست‌کلیک روی پیام انجام شد در (858, 486)
2026-06-26 07:26:12,036 [INFO]    📸 اسکرین‌شات با ضربدر ذخیره شد: debug_click_download_option_344402.png
2026-06-26 07:26:12,038 [INFO]    📸 اسکرین‌شات با ضربدر ذخیره شد
2026-06-26 07:26:12,044 [INFO]    ✅ کلیک روی گزینهٔ دانلود انجام شد (مختصات)
2026-06-26 07:26:16,594 [INFO] ✅ دانلود شد: 344402_0.mp3 (28.7 MB)
2026-06-26 07:26:28,882 [INFO] 📦 پست 344402: 1 رسانه دانلود شد.
2026-06-26 07:26:29,858 [INFO] 📥 [3/4] پست 344401
2026-06-26 07:26:29,858 [INFO] 📍 شروع دانلود پست 344401
2026-06-26 07:26:32,800 [INFO]    📍 پست 344401 آماده شد. راست‌کلیک و دانلود...
2026-06-26 07:26:34,074 [INFO]    🖱️ راست‌کلیک روی پیام انجام شد در (858, 448)
2026-06-26 07:26:35,030 [INFO]    📸 اسکرین‌شات با ضربدر ذخیره شد: debug_click_download_option_344401.png
2026-06-26 07:26:35,032 [INFO]    📸 اسکرین‌شات با ضربدر ذخیره شد
2026-06-26 07:26:35,039 [INFO]    ✅ کلیک روی گزینهٔ دانلود انجام شد (مختصات)
2026-06-26 07:26:36,294 [INFO] ✅ دانلود شد: 344401_0.jpg (0.2 MB)
2026-06-26 07:26:52,621 [INFO] 📦 پست 344401: 1 رسانه دانلود شد.
2026-06-26 07:26:54,323 [INFO] 📥 [4/4] پست 344400
2026-06-26 07:26:54,324 [INFO] 📍 شروع دانلود پست 344400
2026-06-26 07:26:57,481 [INFO]    📍 پست 344400 آماده شد. راست‌کلیک و دانلود...
2026-06-26 07:26:58,807 [INFO]    🖱️ راست‌کلیک روی پیام انجام شد در (858, 486)
2026-06-26 07:26:59,902 [INFO]    📸 اسکرین‌شات با ضربدر ذخیره شد: debug_click_download_option_344400.png
2026-06-26 07:26:59,905 [INFO]    📸 اسکرین‌شات با ضربدر ذخیره شد
2026-06-26 07:26:59,910 [INFO]    ✅ کلیک روی گزینهٔ دانلود انجام شد (مختصات)
2026-06-26 07:27:01,123 [INFO] ✅ دانلود شد: 344400_0.jpg (0.1 MB)
2026-06-26 07:27:16,099 [INFO] 📦 پست 344400: 1 رسانه دانلود شد.
2026-06-26 07:27:16,099 [INFO] 🖼️ 4 فایل رسانه دانلود شد.
2026-06-26 07:27:16,099 [INFO] 📊 media_map برای 4 پست پر شد.
2026-06-26 07:27:16,100 [INFO] 📄 JSON: Download/telegram_downloads/IranintlTV/posts.json
2026-06-26 07:27:16,100 [INFO] 📊 CSV: Download/telegram_downloads/IranintlTV/posts.csv
2026-06-26 07:27:16,109 [INFO] 🌐 HTML: Download/telegram_downloads/IranintlTV/posts.html
2026-06-26 07:27:17,378 [INFO] 📦 ZIP: Download/telegram_downloads/IranintlTV/IranintlTV_archive.zip
2026-06-26 07:27:17,891 [INFO] ✅ پایان موفقیت‌آمیز.
