2026-10-09 06:31:42,303 [INFO] 📁 دایرکتوری خروجی: Download/telegram_downloads/IranintlTv
2026-10-09 06:31:42,303 [INFO] 🐞 حالت دیباگ: فعال
2026-10-09 06:31:42,303 [INFO] 📌 Resume: غیرفعال
2026-10-09 06:31:42,303 [INFO] 🧭 جهت اسکرول: up
2026-10-09 06:31:42,303 [INFO] 🐞 debug screenshots: Download/telegram_downloads/IranintlTv/debug_screenshots
2026-10-09 06:31:42,304 [INFO] 🐞 حالت دیباگ – بدون دانلود رسانه
2026-10-09 06:31:42,304 [INFO] 🧭 جهت اسکرول: بالا (قدیمی‌تر/قبلی‌ها)
2026-10-09 06:31:42,304 [INFO] 🚀 دیباگ @IranintlTv (limit=50)
2026-10-09 06:31:42,304 [INFO] 🔄 تا 50 پست (هر دور از آخرین مرز → قبلی/بعدی)
2026-10-09 06:31:42,304 [INFO] 📌 دور 1/15 | جمع‌شده 0/50
2026-10-09 06:31:42,304 [INFO] 🐞 استخراج جهت=up start_link=False
2026-10-09 06:31:50,280 [INFO] 🔍 نوار جستجو پیدا شد.
2026-10-09 06:31:52,485 [INFO] 🔍 در حال جستجوی: @IranintlTv
2026-10-09 06:31:54,323 [INFO] ⏳ منتظر نتایج...
2026-10-09 06:31:54,323 [INFO] 🕐 مرحله اول انتظار (10 ثانیه)...
2026-10-09 06:32:02,576 [INFO]    ✅ عبارت 'IranintlTv' در مرحله اول یافت شد.
2026-10-09 06:32:02,576 [INFO] ✅ نتایج جستجو ظاهر شدند.
2026-10-09 06:32:10,119 [INFO] ✅ کانال با موفقیت باز شد (سلکتور div.search-result).
2026-10-09 06:32:10,119 [INFO] ⬇️ تلاش برای پرش به جدیدترین پست‌ها...
2026-10-09 06:32:10,170 [INFO]    ✅ دکمه پرش کلیک شد (button[title="Go to bottom"])
2026-10-09 06:32:18,109 [INFO] ⚠️ ارتفاع صفحه پس از 3 اسکرول تغییر نکرد.
2026-10-09 06:32:18,111 [INFO] 📌 به بالای صفحه رسیدیم. اسکرول متوقف می‌شود.
2026-10-09 06:32:18,111 [INFO] 📊 32 پست جمع‌آوری شد.
2026-10-09 06:32:18,111 [INFO] ⏭️ اسکرین‌شات‌ها غیرفعال هستند.
2026-10-09 06:32:18,155 [INFO] 📥 32 پست | start_link= | scroll=up
2026-10-09 06:32:18,253 [INFO] 📈 +32 | مجموع 32/50
2026-10-09 06:32:18,255 [INFO] 📌 بالای صفحه – دور بعد
2026-10-09 06:32:20,432 [INFO] 📌 دور 2/15 | جمع‌شده 32/50
2026-10-09 06:32:20,432 [INFO] 🔄 دور 2: از oldest=361362 با scroll=up
2026-10-09 06:32:20,432 [INFO] 🐞 استخراج جهت=up start_link=True
2026-10-09 06:32:20,433 [INFO] ♻️ استفاده مجدد از context و page موجود
2026-10-09 06:32:23,269 [INFO] 🔗 تلاش برای رفتن به لینک: https://t.me/IranintlTv/361362
2026-10-09 06:32:23,269 [INFO] 🎯 شناسه پیام هدف: 361362
2026-10-09 06:32:23,279 [INFO] 🔍 نوار جستجو پیدا شد.
2026-10-09 06:32:28,334 [INFO] 🔍 لینک تایپ شد: https://t.me/IranintlTv/361362
2026-10-09 06:32:28,336 [INFO] ⏳ منتظر نتایج جستجو...
2026-10-09 06:32:42,383 [INFO] ✅ روی اولین نتیجه با سلکتور 'div[class*="message"] a' کلیک شد.
2026-10-09 06:32:42,959 [INFO] ✅ صفحه پیام‌ها با موفقیت بارگذاری شد.
2026-10-09 06:32:42,959 [INFO] ℹ️ در حالت start_link، پرش به پایین انجام نمی‌شود.
2026-10-09 06:32:42,959 [INFO] 🎯 پیدا کردن پیام هدف 361362...
2026-10-09 06:32:49,923 [INFO] ✅ پیام هدف به بالای صفحه منتقل شد.
2026-10-09 06:32:49,923 [INFO] 🎯 شروع جمع‌آوری از پیام هدف 361362
2026-10-09 06:32:49,923 [INFO] ⬆️ بارگذاری پست‌های قدیمی‌تر با اسکرول به بالا...
2026-10-09 06:32:54,808 [INFO] 📊 18 پست جمع‌آوری شد.
2026-10-09 06:32:54,808 [INFO] ⏭️ اسکرین‌شات‌ها غیرفعال هستند.
2026-10-09 06:32:54,860 [INFO] 📥 18 پست | start_link=https://t.me/IranintlTv/361362 | scroll=up
2026-10-09 06:32:54,914 [INFO] 📈 +18 | مجموع 50/50
2026-10-09 06:32:54,914 [INFO] 📥 50 پست در 2 دور
2026-10-09 06:32:54,914 [INFO] 🚀 شروع تولید فایل‌های خروجی...
2026-10-09 06:32:54,914 [INFO] 📊 پست‌های این اجرا: 50
2026-10-09 06:32:54,914 [INFO] 🪟 keep_latest=50
2026-10-09 06:32:54,914 [INFO] ℹ️ آرشیو قبلی خالی — فقط پست‌های این اجرا
2026-10-09 06:32:54,914 [INFO] 🪟 پنجره هدف=50 (effective=50): 50 پست؛ run_new=50
2026-10-09 06:32:54,915 [INFO] 📄 JSON: IranintlTv_posts.json (50 پست)
2026-10-09 06:32:54,916 [INFO] 📄 CSV: IranintlTv_posts.csv
2026-10-09 06:32:54,952 [INFO] 🌐 HTML: IranintlTv_posts.html (50 پست)
2026-10-09 06:32:54,963 [INFO] 📦 ZIP: IranintlTv_archive.zip
2026-10-09 06:32:54,963 [INFO] ✅ خروجی‌ها آماده شد.
2026-10-09 06:32:54,964 [INFO] 📊 تعداد نهایی در آرشیو: 50
2026-10-09 06:32:55,195 [INFO] ✅ پایان دیباگ
